mode: set
sysmon/main.go:22.13,29.18 6 0
sysmon/main.go:29.18,32.3 2 0
sysmon/main.go:34.2,35.16 2 0
sysmon/main.go:35.16,38.3 2 0
sysmon/main.go:39.2,39.23 1 0
sysmon/main.go:39.23,41.3 1 0
sysmon/main.go:42.2,42.19 1 0
sysmon/main.go:42.19,44.3 1 0
sysmon/main.go:45.2,45.39 1 0
sysmon/main.go:45.39,48.3 2 0
sysmon/main.go:50.2,59.12 7 0
sysmon/main.go:59.12,62.21 3 0
sysmon/main.go:62.21,64.18 2 0
sysmon/main.go:64.18,67.5 2 0
sysmon/main.go:68.4,69.96 2 0
sysmon/main.go:71.3,72.7 2 0
sysmon/main.go:72.7,73.11 1 0
sysmon/main.go:74.20,75.14 1 0
sysmon/main.go:76.22,77.11 1 0
sysmon/main.go:82.2,83.73 2 0
sysmon/main.go:83.73,86.3 2 0
sysmon/main.go:87.2,87.74 1 0
sysmon/main.go:87.74,90.3 2 0
sysmon/main.go:92.2,93.12 2 0
sysmon/main.go:93.12,95.77 2 0
sysmon/main.go:95.77,98.4 2 0
sysmon/main.go:101.2,105.31 5 0
sysmon/collector/collector.go:27.48,29.16 2 1
sysmon/collector/collector.go:29.16,31.3 1 0
sysmon/collector/collector.go:32.2,33.16 2 1
sysmon/collector/collector.go:33.16,35.3 1 0
sysmon/collector/collector.go:36.2,37.16 2 1
sysmon/collector/collector.go:37.16,39.3 1 0
sysmon/collector/collector.go:40.2,45.8 1 1
sysmon/collector/collector.go:48.36,53.16 4 1
sysmon/collector/collector.go:53.16,55.3 1 0
sysmon/collector/collector.go:56.2,59.21 3 1
sysmon/collector/collector.go:59.21,61.3 1 0
sysmon/collector/collector.go:62.2,63.43 2 1
sysmon/collector/collector.go:63.43,65.3 1 0
sysmon/collector/collector.go:67.2,68.31 2 1
sysmon/collector/collector.go:68.31,70.17 2 1
sysmon/collector/collector.go:70.17,72.4 1 0
sysmon/collector/collector.go:73.3,74.23 2 1
sysmon/collector/collector.go:74.23,76.4 1 1
sysmon/collector/collector.go:79.2,79.20 1 1
sysmon/collector/collector.go:79.20,83.3 3 1
sysmon/collector/collector.go:85.2,90.20 5 0
sysmon/collector/collector.go:90.20,92.3 1 0
sysmon/collector/collector.go:93.2,93.68 1 0
sysmon/collector/collector.go:96.36,98.16 2 1
sysmon/collector/collector.go:98.16,100.3 1 0
sysmon/collector/collector.go:101.2,105.21 4 1
sysmon/collector/collector.go:105.21,107.43 2 1
sysmon/collector/collector.go:107.43,109.4 1 1
sysmon/collector/collector.go:109.9,109.54 1 1
sysmon/collector/collector.go:109.54,111.4 1 1
sysmon/collector/collector.go:113.2,113.38 1 1
sysmon/collector/collector.go:113.38,115.3 1 0
sysmon/collector/collector.go:116.2,116.16 1 1
sysmon/collector/collector.go:116.16,118.3 1 0
sysmon/collector/collector.go:119.2,120.50 2 1
sysmon/collector/collector.go:123.34,125.21 2 1
sysmon/collector/collector.go:125.21,127.3 1 0
sysmon/collector/collector.go:128.2,129.10 2 1
sysmon/collector/collector.go:132.48,134.52 2 1
sysmon/collector/collector.go:134.52,136.3 1 0
sysmon/collector/collector.go:137.2,139.16 3 1
sysmon/collector/collector.go:139.16,141.3 1 0
sysmon/collector/collector.go:142.2,143.50 2 1
sysmon/config/config.go:16.23,22.2 1 1
sysmon/config/config.go:24.40,27.16 3 0
sysmon/config/config.go:27.16,29.3 1 0
sysmon/config/config.go:30.2,30.51 1 0
sysmon/config/config.go:30.51,32.3 1 0
sysmon/config/config.go:33.2,33.17 1 0
sysmon/config/config.go:36.34,37.21 1 1
sysmon/config/config.go:37.21,39.3 1 1
sysmon/config/config.go:40.2,40.24 1 1
sysmon/config/config.go:40.24,42.3 1 1
sysmon/config/config.go:43.2,43.22 1 1
sysmon/config/config.go:43.22,45.3 1 1
sysmon/config/config.go:46.2,46.12 1 1
